// Jest Snapshot v1, https://goo.gl/fbAQLP

exports[`button snapshot capturing snapshot of button 1`] = `
<button
  className="btn-action"
  onClick={[Function]}
  type="button"
/>
`;
